// Jest Snapshot v1, https://goo.gl/fbAQLP

exports[`<Card /> should match snapshot Plan Card with secondary prop 1`] = `
.c0 {
  display: -webkit-box;
  display: -webkit-flex;
  display: -ms-flexbox;
  display: flex;
  -webkit-flex-direction: column;
  -ms-flex-direction: column;
  flex-direction: column;
  -webkit-box-pack: start;
  -webkit-justify-content: flex-start;
  -ms-flex-pack: start;
  justify-content: flex-start;
  width: 100%;
  padding: 16px;
  border-radius: 8px;
  background-color: #FFFFFF;
  box-shadow: 0 2px 6px rgba(152,152,166,0.25);
  -webkit-transition: 0.3s;
  transition: 0.3s;
}

.c6 {
  display: -webkit-box;
  display: -webkit-flex;
  display: -ms-flexbox;
  display: flex;
  -webkit-flex-direction: row;
  -ms-flex-direction: row;
  flex-direction: row;
  -webkit-flex-wrap: wrap;
  -ms-flex-wrap: wrap;
  flex-wrap: wrap;
  -webkit-align-content: center;
  -ms-flex-line-pack: center;
  align-content: center;
  -webkit-align-items: center;
  -webkit-box-align: center;
  -ms-flex-align: center;
  align-items: center;
  -webkit-box-pack: justify;
  -webkit-justify-content: space-between;
  -ms-flex-pack: justify;
  justify-content: space-between;
}

.c2 {
  position: relative;
  display: -webkit-box;
  display: -webkit-flex;
  display: -ms-flexbox;
  display: flex;
  width: 100%;
  -webkit-flex-direction: row;
  -ms-flex-direction: row;
  flex-direction: row;
  -webkit-align-content: center;
  -ms-flex-line-pack: center;
  align-content: center;
  -webkit-align-items: center;
  -webkit-box-align: center;
  -ms-flex-align: center;
  align-items: center;
  -webkit-box-pack: justify;
  -webkit-justify-content: space-between;
  -ms-flex-pack: justify;
  justify-content: space-between;
}

.c2 .content {
  display: -webkit-box;
  display: -webkit-flex;
  display: -ms-flexbox;
  display: flex;
  -webkit-flex-direction: row;
  -ms-flex-direction: row;
  flex-direction: row;
  -webkit-flex-wrap: wrap;
  -ms-flex-wrap: wrap;
  flex-wrap: wrap;
  -webkit-flex-basis: 100%;
  -ms-flex-preferred-size: 100%;
  flex-basis: 100%;
}

.c1 h1,
.c1 h2,
.c1 span {
  margin: 0;
}

.c3 {
  font-size: 12px;
  color: #6B6B78;
}

.c4 {
  font-size: 24px;
  font-weight: 700;
  color: undefined;
}

.c5 {
  font-size: 12px;
  padding-top: 4px;
  color: #6B6B78;
}

.c7 {
  font-size: 14px;
  font-weight: 700;
  color: #178173;
}

<div>
  <div
    class="c0 c1"
  >
    <div
      class="c2"
      style="margin-bottom: 40px;"
    >
      <div
        class="content"
      >
        <h1
          class="c3"
        >
          Basic
        </h1>
      </div>
    </div>
    <h2
      class="c4"
    >
      U$ 19.90
    </h2>
    <span
      class="c5"
    >
      /
      month
    </span>
    <div
      class="c6"
      style="margin-top: 20px;"
    >
      <span
        class="c7"
      >
        1,239
         gyms
      </span>
    </div>
  </div>
</div>
`;

exports[`<Card /> should match snapshot with default Card 1`] = `
.c0 {
  display: -webkit-box;
  display: -webkit-flex;
  display: -ms-flexbox;
  display: flex;
  -webkit-flex-direction: column;
  -ms-flex-direction: column;
  flex-direction: column;
  -webkit-box-pack: start;
  -webkit-justify-content: flex-start;
  -ms-flex-pack: start;
  justify-content: flex-start;
  width: 100%;
  padding: 16px;
  border-radius: 8px;
  background-color: #FFFFFF;
  box-shadow: 0 2px 6px rgba(152,152,166,0.25);
  -webkit-transition: 0.3s;
  transition: 0.3s;
}

<div>
  <div
    class="c0"
  >
    <h1>
      ol√° mundo
    </h1>
  </div>
</div>
`;
