// Jest Snapshot v1, https://goo.gl/fbAQLP

exports[`<RadioGroup /> <RadioGroup.Radio /> Snapshots should match snapshot with default radio 1`] = `
.c2 {
  position: relative;
  display: block;
  width: 20px;
  height: 20px;
  border-width: 2px;
  border-style: solid;
  border-color: #A9A9B8;
  border-radius: 9999px;
}

.c4 {
  border: 0;
  height: 0;
  margin: 0;
  opacity: 0;
  overflow: hidden;
  padding: 0;
  position: absolute;
  width: 0;
  top: 0;
  left: 0;
  width: 100%;
  height: 100%;
}

.c0 {
  position: relative;
  width: 20px;
  height: 20px;
}

.c0:hover .c3 {
  cursor: pointer;
}

.c0:hover .c1 {
  box-shadow: 0 0 0 8px rgba(230,230,240,0.25);
}

.c0:hover .c1 {
  box-shadow: 0 0 0 8px rgba(250,185,178,0.25);
}

.c0:focus-within .c1 {
  box-shadow: 0 0 0 8px rgba(250,185,178,0.5);
}

.c0:active .c1 {
  box-shadow: 0 0 0 8px rgba(250,185,178,0.75);
}

.c0 .c1 {
  border-color: #F46152;
}

.c0 .c1:after {
  position: absolute;
  top: 50%;
  left: 50%;
  width: 10px;
  height: 10px;
  border-radius: 100%;
  background-color: #F46152;
  -webkit-transform: translate(-50%,-50%);
  -ms-transform: translate(-50%,-50%);
  transform: translate(-50%,-50%);
  content: '';
}

<div>
  <div
    class="c0"
  >
    <span
      class="c1 c2"
    />
    <input
      checked=""
      class="c3 c4"
      type="radio"
      value=""
    />
  </div>
</div>
`;
