// Jest Snapshot v1, https://goo.gl/fbAQLP

exports[`<Button /> Snapshots Without props should match snapshot with default Button 1`] = `
<View
  collapsable={true}
  pointerEvents="box-none"
  style={
    Object {
      "flex": 1,
    }
  }
>
  <View>
    <View
      style={
        Array [
          Object {
            "height": 50,
            "justifyContent": "center",
            "position": "relative",
          },
          undefined,
        ]
      }
    >
      <View
        style={
          Array [
            Object {
              "flexDirection": "row",
            },
            Object {
              "width": 280,
            },
          ]
        }
      >
        <View
          style={
            Array [
              Object {
                "backgroundColor": "#A7A7A7",
                "borderRadius": 2,
                "height": 2,
              },
              Object {
                "backgroundColor": "#DBDBE8",
                "borderRadius": 9999,
                "height": 4,
              },
              Object {
                "backgroundColor": "#F46152",
              },
              Object {
                "width": 0,
              },
            ]
          }
        />
        <View
          style={
            Array [
              Object {
                "backgroundColor": "#A7A7A7",
                "borderRadius": 2,
                "height": 2,
              },
              Object {
                "backgroundColor": "#DBDBE8",
                "borderRadius": 9999,
                "height": 4,
              },
              undefined,
              Object {
                "width": 280,
              },
            ]
          }
        />
        <View
          style={
            Array [
              Object {
                "alignItems": "center",
                "backgroundColor": "transparent",
                "height": 48,
                "justifyContent": "center",
                "position": "absolute",
                "width": 48,
              },
              Object {
                "left": -24,
                "top": -24,
              },
              undefined,
              false,
            ]
          }
        >
          <View
            style={
              Array [
                Object {
                  "alignItems": "center",
                  "alignSelf": "stretch",
                  "backgroundColor": "transparent",
                  "justifyContent": "center",
                },
                Object {
                  "borderRadius": 0,
                },
              ]
            }
          >
            <TouchableOpacity
              activeOpacity={0.2}
              pressed={false}
              style={
                Array [
                  Object {
                    "backgroundColor": "#F46152",
                    "borderColor": "black",
                    "borderRadius": 9999,
                    "borderStyle": "solid",
                    "borderWidth": 0,
                    "display": "none",
                    "elevation": 4,
                    "height": 24,
                    "position": "relative",
                    "shadowColor": "rgba(0, 0, 0, 0.25)",
                    "shadowOffset": Object {
                      "height": 2,
                      "width": 0,
                    },
                    "shadowOpacity": 1,
                    "shadowRadius": 6,
                    "width": 24,
                  },
                ]
              }
            />
            <TouchableOpacity
              activeOpacity={0.2}
              style={
                Array [
                  Object {
                    "backgroundColor": "#F46152",
                    "borderColor": "#FFFFFF",
                    "borderRadius": 9999,
                    "borderStyle": "solid",
                    "borderWidth": 6,
                    "elevation": 4,
                    "height": 24,
                    "position": "relative",
                    "shadowColor": "rgba(0, 0, 0, 0.25)",
                    "shadowOffset": Object {
                      "height": 2,
                      "width": 0,
                    },
                    "shadowOpacity": 1,
                    "shadowRadius": 6,
                    "width": 24,
                  },
                ]
              }
            />
          </View>
        </View>
      </View>
    </View>
  </View>
</View>
`;
